{"level":"error","message":"Failed to start server Socket closed abruptly during opening handshake","stack":"Error: Socket closed abruptly during opening handshake\n    at Socket.endWhileOpening (C:\\Users\\Shwetank Rai\\Desktop\\Scheduler\\backend\\node_modules\\amqplib\\lib\\connection.js:205:19)\n    at Socket.emit (node:events:531:35)\n    at endReadableNT (node:internal/streams/readable:1698:12)\n    at processTicksAndRejections (node:internal/process/task_queues:90:21)","timestamp":"2026-06-05T12:38:16.938Z"}
{"error":"This is for testing the retry functionality if its working properly..., remove this when its tested","level":"error","message":"[MOCK EMAIL] Failed to deliver message","timestamp":"2026-06-05T14:09:30.156Z","to":"@pk1212"}
{"error":"This is for testing the retry functionality if its working properly..., remove this when its tested","jobId":"80f013d4-8713-43ae-9ef2-1eb7d89ee62e","level":"error","message":"Worker: job failed","timestamp":"2026-06-05T14:09:30.157Z"}
{"error":"This is for testing the retry functionality if its working properly..., remove this when its tested","level":"error","message":"[MOCK EMAIL] Failed to deliver message","timestamp":"2026-06-05T14:09:30.227Z","to":"@pk1212"}
{"error":"This is for testing the retry functionality if its working properly..., remove this when its tested","jobId":"4034763f-80ca-4469-8c24-8db2ff845705","level":"error","message":"Worker: job failed","timestamp":"2026-06-05T14:09:30.228Z"}
{"error":"This is for testing the retry functionality if its working properly..., remove this when its tested","level":"error","message":"[MOCK EMAIL] Failed to deliver message","timestamp":"2026-06-05T14:09:30.293Z","to":"@pk1212"}
{"error":"This is for testing the retry functionality if its working properly..., remove this when its tested","jobId":"a685a157-1ef2-40a5-8216-5e8f350a132e","level":"error","message":"Worker: job failed","timestamp":"2026-06-05T14:09:30.294Z"}
{"error":"This is for testing the retry functionality if its working properly..., remove this when its tested","level":"error","message":"[MOCK EMAIL] Failed to deliver message","timestamp":"2026-06-05T14:09:30.357Z","to":"@pk1212"}
{"error":"This is for testing the retry functionality if its working properly..., remove this when its tested","jobId":"c8aeed09-516f-4cda-b4d2-7edda900340b","level":"error","message":"Worker: job failed","timestamp":"2026-06-05T14:09:30.359Z"}
{"error":"This is for testing the retry functionality if its working properly..., remove this when its tested","level":"error","message":"[MOCK EMAIL] Failed to deliver message","timestamp":"2026-06-05T14:10:00.012Z","to":"@pk1212"}
{"error":"This is for testing the retry functionality if its working properly..., remove this when its tested","jobId":"80f013d4-8713-43ae-9ef2-1eb7d89ee62e","level":"error","message":"Worker: job failed","timestamp":"2026-06-05T14:10:00.015Z"}
{"error":"This is for testing the retry functionality if its working properly..., remove this when its tested","level":"error","message":"[MOCK EMAIL] Failed to deliver message","timestamp":"2026-06-05T14:10:00.054Z","to":"@pk1212"}
{"error":"This is for testing the retry functionality if its working properly..., remove this when its tested","jobId":"4034763f-80ca-4469-8c24-8db2ff845705","level":"error","message":"Worker: job failed","timestamp":"2026-06-05T14:10:00.055Z"}
{"error":"This is for testing the retry functionality if its working properly..., remove this when its tested","level":"error","message":"[MOCK EMAIL] Failed to deliver message","timestamp":"2026-06-05T14:10:00.124Z","to":"@pk1212"}
{"error":"This is for testing the retry functionality if its working properly..., remove this when its tested","jobId":"a685a157-1ef2-40a5-8216-5e8f350a132e","level":"error","message":"Worker: job failed","timestamp":"2026-06-05T14:10:00.125Z"}
{"error":"This is for testing the retry functionality if its working properly..., remove this when its tested","level":"error","message":"[MOCK EMAIL] Failed to deliver message","timestamp":"2026-06-05T14:10:00.190Z","to":"@pk1212"}
{"error":"This is for testing the retry functionality if its working properly..., remove this when its tested","jobId":"c8aeed09-516f-4cda-b4d2-7edda900340b","level":"error","message":"Worker: job failed","timestamp":"2026-06-05T14:10:00.191Z"}
{"error":"This is for testing the retry functionality if its working properly..., remove this when its tested","level":"error","message":"[MOCK EMAIL] Failed to deliver message","timestamp":"2026-06-05T14:10:29.659Z","to":"@pk1212"}
{"error":"This is for testing the retry functionality if its working properly..., remove this when its tested","jobId":"80f013d4-8713-43ae-9ef2-1eb7d89ee62e","level":"error","message":"Worker: job failed","timestamp":"2026-06-05T14:10:29.660Z"}
{"error":"This is for testing the retry functionality if its working properly..., remove this when its tested","level":"error","message":"[MOCK EMAIL] Failed to deliver message","timestamp":"2026-06-05T14:10:29.682Z","to":"@pk1212"}
{"error":"This is for testing the retry functionality if its working properly..., remove this when its tested","jobId":"4034763f-80ca-4469-8c24-8db2ff845705","level":"error","message":"Worker: job failed","timestamp":"2026-06-05T14:10:29.683Z"}
{"error":"This is for testing the retry functionality if its working properly..., remove this when its tested","level":"error","message":"[MOCK EMAIL] Failed to deliver message","timestamp":"2026-06-05T14:10:29.744Z","to":"@pk1212"}
{"error":"This is for testing the retry functionality if its working properly..., remove this when its tested","jobId":"a685a157-1ef2-40a5-8216-5e8f350a132e","level":"error","message":"Worker: job failed","timestamp":"2026-06-05T14:10:29.746Z"}
{"error":"This is for testing the retry functionality if its working properly..., remove this when its tested","level":"error","message":"[MOCK EMAIL] Failed to deliver message","timestamp":"2026-06-05T14:10:29.810Z","to":"@pk1212"}
{"error":"This is for testing the retry functionality if its working properly..., remove this when its tested","jobId":"c8aeed09-516f-4cda-b4d2-7edda900340b","level":"error","message":"Worker: job failed","timestamp":"2026-06-05T14:10:29.810Z"}
{"error":"This is for testing the retry functionality if its working properly..., remove this when its tested","level":"error","message":"[MOCK EMAIL] Failed to deliver message","timestamp":"2026-06-05T14:10:59.755Z","to":"@pk1212"}
{"error":"This is for testing the retry functionality if its working properly..., remove this when its tested","jobId":"80f013d4-8713-43ae-9ef2-1eb7d89ee62e","level":"error","message":"Worker: job failed","timestamp":"2026-06-05T14:10:59.755Z"}
{"jobId":"80f013d4-8713-43ae-9ef2-1eb7d89ee62e","level":"error","message":"Worker: job permanently failed, sent to DLQ","timestamp":"2026-06-05T14:10:59.763Z"}
{"error":"This is for testing the retry functionality if its working properly..., remove this when its tested","level":"error","message":"[MOCK EMAIL] Failed to deliver message","timestamp":"2026-06-05T14:10:59.778Z","to":"@pk1212"}
{"error":"This is for testing the retry functionality if its working properly..., remove this when its tested","jobId":"4034763f-80ca-4469-8c24-8db2ff845705","level":"error","message":"Worker: job failed","timestamp":"2026-06-05T14:10:59.779Z"}
{"jobId":"4034763f-80ca-4469-8c24-8db2ff845705","level":"error","message":"Worker: job permanently failed, sent to DLQ","timestamp":"2026-06-05T14:10:59.784Z"}
{"error":"This is for testing the retry functionality if its working properly..., remove this when its tested","level":"error","message":"[MOCK EMAIL] Failed to deliver message","timestamp":"2026-06-05T14:10:59.840Z","to":"@pk1212"}
{"error":"This is for testing the retry functionality if its working properly..., remove this when its tested","jobId":"a685a157-1ef2-40a5-8216-5e8f350a132e","level":"error","message":"Worker: job failed","timestamp":"2026-06-05T14:10:59.840Z"}
{"jobId":"a685a157-1ef2-40a5-8216-5e8f350a132e","level":"error","message":"Worker: job permanently failed, sent to DLQ","timestamp":"2026-06-05T14:10:59.846Z"}
{"error":"This is for testing the retry functionality if its working properly..., remove this when its tested","level":"error","message":"[MOCK EMAIL] Failed to deliver message","timestamp":"2026-06-05T14:10:59.900Z","to":"@pk1212"}
{"error":"This is for testing the retry functionality if its working properly..., remove this when its tested","jobId":"c8aeed09-516f-4cda-b4d2-7edda900340b","level":"error","message":"Worker: job failed","timestamp":"2026-06-05T14:10:59.901Z"}
{"jobId":"c8aeed09-516f-4cda-b4d2-7edda900340b","level":"error","message":"Worker: job permanently failed, sent to DLQ","timestamp":"2026-06-05T14:10:59.905Z"}
{"error":"This is for testing the retry functionality if its working properly..., remove this when its tested","level":"error","message":"[MOCK EMAIL] Failed to deliver message","timestamp":"2026-06-05T14:19:30.159Z","to":"@pk1212"}
{"error":"This is for testing the retry functionality if its working properly..., remove this when its tested","jobId":"94a5fd4e-fd37-404b-b11a-4919d948d5dc","level":"error","message":"Worker: job failed","timestamp":"2026-06-05T14:19:30.160Z"}
{"error":"This is for testing the retry functionality if its working properly..., remove this when its tested","level":"error","message":"[MOCK EMAIL] Failed to deliver message","timestamp":"2026-06-05T14:19:30.188Z","to":"@pk1212"}
{"error":"This is for testing the retry functionality if its working properly..., remove this when its tested","jobId":"5c7ae4fe-e488-47cb-9e60-9d0b58a00316","level":"error","message":"Worker: job failed","timestamp":"2026-06-05T14:19:30.189Z"}
{"error":"This is for testing the retry functionality if its working properly..., remove this when its tested","level":"error","message":"[MOCK EMAIL] Failed to deliver message","timestamp":"2026-06-05T14:19:30.255Z","to":"@pk1212"}
{"error":"This is for testing the retry functionality if its working properly..., remove this when its tested","jobId":"c24d0153-745d-44f1-b828-885881db0ef5","level":"error","message":"Worker: job failed","timestamp":"2026-06-05T14:19:30.256Z"}
{"error":"This is for testing the retry functionality if its working properly..., remove this when its tested","level":"error","message":"[MOCK EMAIL] Failed to deliver message","timestamp":"2026-06-05T14:19:30.325Z","to":"@pk1212"}
{"error":"This is for testing the retry functionality if its working properly..., remove this when its tested","jobId":"9401d236-1c66-4548-8635-54b799aee6df","level":"error","message":"Worker: job failed","timestamp":"2026-06-05T14:19:30.326Z"}
{"error":"This is for testing the retry functionality if its working properly..., remove this when its tested","level":"error","message":"[MOCK EMAIL] Failed to deliver message","timestamp":"2026-06-05T14:19:59.906Z","to":"@pk1212"}
{"error":"This is for testing the retry functionality if its working properly..., remove this when its tested","jobId":"94a5fd4e-fd37-404b-b11a-4919d948d5dc","level":"error","message":"Worker: job failed","timestamp":"2026-06-05T14:19:59.907Z"}
{"error":"This is for testing the retry functionality if its working properly..., remove this when its tested","level":"error","message":"[MOCK EMAIL] Failed to deliver message","timestamp":"2026-06-05T14:19:59.933Z","to":"@pk1212"}
{"error":"This is for testing the retry functionality if its working properly..., remove this when its tested","jobId":"5c7ae4fe-e488-47cb-9e60-9d0b58a00316","level":"error","message":"Worker: job failed","timestamp":"2026-06-05T14:19:59.934Z"}
{"error":"This is for testing the retry functionality if its working properly..., remove this when its tested","level":"error","message":"[MOCK EMAIL] Failed to deliver message","timestamp":"2026-06-05T14:20:00.001Z","to":"@pk1212"}
{"error":"This is for testing the retry functionality if its working properly..., remove this when its tested","jobId":"c24d0153-745d-44f1-b828-885881db0ef5","level":"error","message":"Worker: job failed","timestamp":"2026-06-05T14:20:00.002Z"}
{"error":"This is for testing the retry functionality if its working properly..., remove this when its tested","level":"error","message":"[MOCK EMAIL] Failed to deliver message","timestamp":"2026-06-05T14:20:00.073Z","to":"@pk1212"}
{"error":"This is for testing the retry functionality if its working properly..., remove this when its tested","jobId":"9401d236-1c66-4548-8635-54b799aee6df","level":"error","message":"Worker: job failed","timestamp":"2026-06-05T14:20:00.074Z"}
{"error":"This is for testing the retry functionality if its working properly..., remove this when its tested","level":"error","message":"[MOCK EMAIL] Failed to deliver message","timestamp":"2026-06-05T14:20:29.804Z","to":"@pk1212"}
{"error":"This is for testing the retry functionality if its working properly..., remove this when its tested","jobId":"94a5fd4e-fd37-404b-b11a-4919d948d5dc","level":"error","message":"Worker: job failed","timestamp":"2026-06-05T14:20:29.805Z"}
{"error":"This is for testing the retry functionality if its working properly..., remove this when its tested","level":"error","message":"[MOCK EMAIL] Failed to deliver message","timestamp":"2026-06-05T14:20:29.826Z","to":"@pk1212"}
{"error":"This is for testing the retry functionality if its working properly..., remove this when its tested","jobId":"5c7ae4fe-e488-47cb-9e60-9d0b58a00316","level":"error","message":"Worker: job failed","timestamp":"2026-06-05T14:20:29.827Z"}
{"error":"This is for testing the retry functionality if its working properly..., remove this when its tested","level":"error","message":"[MOCK EMAIL] Failed to deliver message","timestamp":"2026-06-05T14:20:29.889Z","to":"@pk1212"}
{"error":"This is for testing the retry functionality if its working properly..., remove this when its tested","jobId":"c24d0153-745d-44f1-b828-885881db0ef5","level":"error","message":"Worker: job failed","timestamp":"2026-06-05T14:20:29.890Z"}
{"error":"This is for testing the retry functionality if its working properly..., remove this when its tested","level":"error","message":"[MOCK EMAIL] Failed to deliver message","timestamp":"2026-06-05T14:20:29.953Z","to":"@pk1212"}
{"error":"This is for testing the retry functionality if its working properly..., remove this when its tested","jobId":"9401d236-1c66-4548-8635-54b799aee6df","level":"error","message":"Worker: job failed","timestamp":"2026-06-05T14:20:29.954Z"}
{"error":"This is for testing the retry functionality if its working properly..., remove this when its tested","level":"error","message":"[MOCK EMAIL] Failed to deliver message","timestamp":"2026-06-05T14:20:59.676Z","to":"@pk1212"}
{"error":"This is for testing the retry functionality if its working properly..., remove this when its tested","jobId":"94a5fd4e-fd37-404b-b11a-4919d948d5dc","level":"error","message":"Worker: job failed","timestamp":"2026-06-05T14:20:59.677Z"}
{"jobId":"94a5fd4e-fd37-404b-b11a-4919d948d5dc","level":"error","message":"Worker: job permanently failed, sent to DLQ","timestamp":"2026-06-05T14:20:59.684Z"}
{"error":"This is for testing the retry functionality if its working properly..., remove this when its tested","level":"error","message":"[MOCK EMAIL] Failed to deliver message","timestamp":"2026-06-05T14:20:59.699Z","to":"@pk1212"}
{"error":"This is for testing the retry functionality if its working properly..., remove this when its tested","jobId":"5c7ae4fe-e488-47cb-9e60-9d0b58a00316","level":"error","message":"Worker: job failed","timestamp":"2026-06-05T14:20:59.700Z"}
{"jobId":"5c7ae4fe-e488-47cb-9e60-9d0b58a00316","level":"error","message":"Worker: job permanently failed, sent to DLQ","timestamp":"2026-06-05T14:20:59.705Z"}
{"error":"This is for testing the retry functionality if its working properly..., remove this when its tested","level":"error","message":"[MOCK EMAIL] Failed to deliver message","timestamp":"2026-06-05T14:20:59.760Z","to":"@pk1212"}
{"error":"This is for testing the retry functionality if its working properly..., remove this when its tested","jobId":"c24d0153-745d-44f1-b828-885881db0ef5","level":"error","message":"Worker: job failed","timestamp":"2026-06-05T14:20:59.761Z"}
{"jobId":"c24d0153-745d-44f1-b828-885881db0ef5","level":"error","message":"Worker: job permanently failed, sent to DLQ","timestamp":"2026-06-05T14:20:59.766Z"}
{"error":"This is for testing the retry functionality if its working properly..., remove this when its tested","level":"error","message":"[MOCK EMAIL] Failed to deliver message","timestamp":"2026-06-05T14:20:59.820Z","to":"@pk1212"}
{"error":"This is for testing the retry functionality if its working properly..., remove this when its tested","jobId":"9401d236-1c66-4548-8635-54b799aee6df","level":"error","message":"Worker: job failed","timestamp":"2026-06-05T14:20:59.821Z"}
{"jobId":"9401d236-1c66-4548-8635-54b799aee6df","level":"error","message":"Worker: job permanently failed, sent to DLQ","timestamp":"2026-06-05T14:20:59.827Z"}
{"error":"This is for testing the retry functionality if its working properly..., remove this when its tested","level":"error","message":"[MOCK EMAIL] Failed to deliver message","timestamp":"2026-06-05T14:57:30.332Z","to":"@pk1212"}
{"error":"This is for testing the retry functionality if its working properly..., remove this when its tested","jobId":"909ca440-c492-49cd-a7d3-fcbe2fab34df","level":"error","message":"Worker: job failed","timestamp":"2026-06-05T14:57:30.334Z"}
{"error":"This is for testing the retry functionality if its working properly..., remove this when its tested","level":"error","message":"[MOCK EMAIL] Failed to deliver message","timestamp":"2026-06-05T14:58:00.158Z","to":"@pk1212"}
{"error":"This is for testing the retry functionality if its working properly..., remove this when its tested","jobId":"909ca440-c492-49cd-a7d3-fcbe2fab34df","level":"error","message":"Worker: job failed","timestamp":"2026-06-05T14:58:00.160Z"}
{"error":"This is for testing the retry functionality if its working properly..., remove this when its tested","level":"error","message":"[MOCK EMAIL] Failed to deliver message","timestamp":"2026-06-05T14:58:30.114Z","to":"@pk1212"}
{"error":"This is for testing the retry functionality if its working properly..., remove this when its tested","jobId":"909ca440-c492-49cd-a7d3-fcbe2fab34df","level":"error","message":"Worker: job failed","timestamp":"2026-06-05T14:58:30.115Z"}
{"error":"This is for testing the retry functionality if its working properly..., remove this when its tested","level":"error","message":"[MOCK EMAIL] Failed to deliver message","timestamp":"2026-06-05T14:59:00.023Z","to":"@pk1212"}
{"error":"This is for testing the retry functionality if its working properly..., remove this when its tested","jobId":"909ca440-c492-49cd-a7d3-fcbe2fab34df","level":"error","message":"Worker: job failed","timestamp":"2026-06-05T14:59:00.025Z"}
{"jobId":"909ca440-c492-49cd-a7d3-fcbe2fab34df","level":"error","message":"Worker: job permanently failed, sent to DLQ","timestamp":"2026-06-05T14:59:00.045Z"}
{"level":"error","message":"Failed to start server Socket closed abruptly during opening handshake","stack":"Error: Socket closed abruptly during opening handshake\n    at Socket.endWhileOpening (C:\\Users\\Shwetank Rai\\Desktop\\Scheduler\\backend\\node_modules\\amqplib\\lib\\connection.js:205:19)\n    at Socket.emit (node:events:531:35)\n    at endReadableNT (node:internal/streams/readable:1698:12)\n    at processTicksAndRejections (node:internal/process/task_queues:90:21)","timestamp":"2026-06-05T15:08:16.028Z"}
{"error":"This is for testing the retry functionality if its working properly..., remove this when its tested","level":"error","message":"[MOCK EMAIL] Failed to deliver message","timestamp":"2026-06-05T15:14:00.315Z","to":"@pk1212"}
{"error":"This is for testing the retry functionality if its working properly..., remove this when its tested","jobId":"6a295258-ad78-4c4b-99cf-4598a2db05e4","level":"error","message":"Worker: job failed","timestamp":"2026-06-05T15:14:00.316Z"}
{"error":"This is for testing the retry functionality if its working properly..., remove this when its tested","level":"error","message":"[MOCK EMAIL] Failed to deliver message","timestamp":"2026-06-05T15:14:31.875Z","to":"@pk1212"}
{"error":"This is for testing the retry functionality if its working properly..., remove this when its tested","jobId":"6a295258-ad78-4c4b-99cf-4598a2db05e4","level":"error","message":"Worker: job failed","timestamp":"2026-06-05T15:14:31.876Z"}
{"error":"This is for testing the retry functionality if its working properly..., remove this when its tested","level":"error","message":"[MOCK EMAIL] Failed to deliver message","timestamp":"2026-06-05T15:15:01.813Z","to":"@pk1212"}
{"error":"This is for testing the retry functionality if its working properly..., remove this when its tested","jobId":"6a295258-ad78-4c4b-99cf-4598a2db05e4","level":"error","message":"Worker: job failed","timestamp":"2026-06-05T15:15:01.816Z"}
{"error":"This is for testing the retry functionality if its working properly..., remove this when its tested","level":"error","message":"[MOCK EMAIL] Failed to deliver message","timestamp":"2026-06-05T15:15:31.634Z","to":"@pk1212"}
{"error":"This is for testing the retry functionality if its working properly..., remove this when its tested","jobId":"6a295258-ad78-4c4b-99cf-4598a2db05e4","level":"error","message":"Worker: job failed","timestamp":"2026-06-05T15:15:31.636Z"}
{"jobId":"6a295258-ad78-4c4b-99cf-4598a2db05e4","level":"error","message":"Worker: job permanently failed, sent to DLQ","timestamp":"2026-06-05T15:15:31.651Z"}
{"error":"This is for testing the retry functionality if its working properly..., remove this when its tested","level":"error","message":"[MOCK EMAIL] Failed to deliver message","timestamp":"2026-06-05T15:27:00.165Z","to":"@pk1212"}
{"error":"This is for testing the retry functionality if its working properly..., remove this when its tested","jobId":"3a605d38-55ed-475e-bee1-0ce55f6b3999","level":"error","message":"Worker: job failed","timestamp":"2026-06-05T15:27:00.166Z"}
{"error":"This is for testing the retry functionality if its working properly..., remove this when its tested","level":"error","message":"[MOCK EMAIL] Failed to deliver message","timestamp":"2026-06-05T15:27:29.775Z","to":"@pk1212"}
{"error":"This is for testing the retry functionality if its working properly..., remove this when its tested","jobId":"3a605d38-55ed-475e-bee1-0ce55f6b3999","level":"error","message":"Worker: job failed","timestamp":"2026-06-05T15:27:29.777Z"}
{"error":"This is for testing the retry functionality if its working properly..., remove this when its tested","level":"error","message":"[MOCK EMAIL] Failed to deliver message","timestamp":"2026-06-05T15:27:59.452Z","to":"@pk1212"}
{"error":"This is for testing the retry functionality if its working properly..., remove this when its tested","jobId":"3a605d38-55ed-475e-bee1-0ce55f6b3999","level":"error","message":"Worker: job failed","timestamp":"2026-06-05T15:27:59.453Z"}
{"error":"This is for testing the retry functionality if its working properly..., remove this when its tested","level":"error","message":"[MOCK EMAIL] Failed to deliver message","timestamp":"2026-06-05T15:28:29.564Z","to":"@pk1212"}
{"error":"This is for testing the retry functionality if its working properly..., remove this when its tested","jobId":"3a605d38-55ed-475e-bee1-0ce55f6b3999","level":"error","message":"Worker: job failed","timestamp":"2026-06-05T15:28:29.566Z"}
{"jobId":"3a605d38-55ed-475e-bee1-0ce55f6b3999","level":"error","message":"Worker: job permanently failed, sent to DLQ","timestamp":"2026-06-05T15:28:29.575Z"}
{"error":"This is for testing the retry functionality if its working properly..., remove this when its tested","level":"error","message":"[MOCK EMAIL] Failed to deliver message","timestamp":"2026-06-05T15:46:00.321Z","to":"@pk1212"}
{"error":"This is for testing the retry functionality if its working properly..., remove this when its tested","jobId":"47d29239-4194-4470-84bc-c407ef7a2e3c","level":"error","message":"Worker: job failed","timestamp":"2026-06-05T15:46:00.323Z"}
{"error":"This is for testing the retry functionality if its working properly..., remove this when its tested","level":"error","message":"[MOCK EMAIL] Failed to deliver message","timestamp":"2026-06-05T15:46:31.968Z","to":"@pk1212"}
{"error":"This is for testing the retry functionality if its working properly..., remove this when its tested","jobId":"47d29239-4194-4470-84bc-c407ef7a2e3c","level":"error","message":"Worker: job failed","timestamp":"2026-06-05T15:46:31.970Z"}
{"error":"This is for testing the retry functionality if its working properly..., remove this when its tested","level":"error","message":"[MOCK EMAIL] Failed to deliver message","timestamp":"2026-06-05T15:47:01.770Z","to":"@pk1212"}
{"error":"This is for testing the retry functionality if its working properly..., remove this when its tested","jobId":"47d29239-4194-4470-84bc-c407ef7a2e3c","level":"error","message":"Worker: job failed","timestamp":"2026-06-05T15:47:01.772Z"}
{"error":"This is for testing the retry functionality if its working properly..., remove this when its tested","level":"error","message":"[MOCK EMAIL] Failed to deliver message","timestamp":"2026-06-05T15:47:32.973Z","to":"@pk1212"}
{"error":"This is for testing the retry functionality if its working properly..., remove this when its tested","jobId":"47d29239-4194-4470-84bc-c407ef7a2e3c","level":"error","message":"Worker: job failed","timestamp":"2026-06-05T15:47:32.977Z"}
{"jobId":"47d29239-4194-4470-84bc-c407ef7a2e3c","level":"error","message":"Worker: job permanently failed, sent to DLQ","timestamp":"2026-06-05T15:47:33.007Z"}
{"error":"","level":"error","message":"Redis [default] error","timestamp":"2026-06-05T16:12:23.522Z"}
{"error":"","level":"error","message":"Redis [default] error","timestamp":"2026-06-05T16:12:23.595Z"}
{"error":"","level":"error","message":"Redis [default] error","timestamp":"2026-06-05T16:12:24.230Z"}
{"error":"","level":"error","message":"Redis [default] error","timestamp":"2026-06-05T16:12:24.308Z"}
{"error":"","level":"error","message":"Redis [default] error","timestamp":"2026-06-05T16:12:25.049Z"}
{"error":"","level":"error","message":"Redis [default] error","timestamp":"2026-06-05T16:12:25.121Z"}
{"error":"","level":"error","message":"Redis [default] error","timestamp":"2026-06-05T16:12:25.958Z"}
{"error":"","level":"error","message":"Redis [default] error","timestamp":"2026-06-05T16:12:26.034Z"}
{"error":"","level":"error","message":"Redis [default] error","timestamp":"2026-06-05T16:12:26.970Z"}
{"level":"error","message":"Redis [default] max retries reached","timestamp":"2026-06-05T16:12:26.971Z"}
{"error":"","level":"error","message":"Redis [default] error","timestamp":"2026-06-05T16:12:27.047Z"}
{"level":"error","message":"Redis [default] max retries reached","timestamp":"2026-06-05T16:12:27.048Z"}
{"level":"error","message":"RabbitMQ max reconnect attempts reached, shutting down","timestamp":"2026-06-05T16:12:51.645Z"}
{"level":"error","message":"RabbitMQ max reconnect attempts reached, shutting down","timestamp":"2026-06-05T16:12:51.689Z"}
{"error":"","level":"error","message":"Redis [default] error","timestamp":"2026-06-06T10:52:48.051Z"}
{"error":"","level":"error","message":"Redis [default] error","timestamp":"2026-06-06T10:52:48.670Z"}
{"error":"","level":"error","message":"Redis [default] error","timestamp":"2026-06-06T10:52:49.385Z"}
{"error":"","level":"error","message":"Redis [default] error","timestamp":"2026-06-06T10:52:50.201Z"}
{"error":"shidhs","level":"error","message":"[MOCK EMAIL] Failed to deliver message","timestamp":"2026-06-06T12:09:00.169Z","to":"@pk1212"}
{"error":"shidhs","jobId":"1d31cfea-45ba-4f49-95ff-735198ca7de2","level":"error","message":"Worker: job failed","timestamp":"2026-06-06T12:09:00.170Z"}
{"error":"shidhs","level":"error","message":"[MOCK EMAIL] Failed to deliver message","timestamp":"2026-06-06T12:09:30.523Z","to":"@pk1212"}
{"error":"shidhs","jobId":"1d31cfea-45ba-4f49-95ff-735198ca7de2","level":"error","message":"Worker: job failed","timestamp":"2026-06-06T12:09:30.524Z"}
{"error":"shidhs","level":"error","message":"[MOCK EMAIL] Failed to deliver message","timestamp":"2026-06-06T12:10:00.687Z","to":"@pk1212"}
{"error":"shidhs","jobId":"1d31cfea-45ba-4f49-95ff-735198ca7de2","level":"error","message":"Worker: job failed","timestamp":"2026-06-06T12:10:00.688Z"}
{"error":"shidhs","level":"error","message":"[MOCK EMAIL] Failed to deliver message","timestamp":"2026-06-06T12:10:30.083Z","to":"@pk1212"}
{"error":"shidhs","jobId":"1d31cfea-45ba-4f49-95ff-735198ca7de2","level":"error","message":"Worker: job failed","timestamp":"2026-06-06T12:10:30.084Z"}
{"jobId":"1d31cfea-45ba-4f49-95ff-735198ca7de2","level":"error","message":"Worker: job permanently failed, sent to DLQ","timestamp":"2026-06-06T12:10:30.093Z"}
